// Jest Snapshot v1, https://goo.gl/fbAQLP

exports[`<DisplayPage /> should match the snapshot 1`] = `[Function]`;
