// Jest Snapshot v1, https://goo.gl/fbAQLP

exports[` 1`] = `
Object {
  "done": false,
  "value": Object {
    "@@redux-saga/IO": true,
    "SELECT": Object {
      "args": Array [],
      "selector": [Function],
    },
  },
}
`;
