// Jest Snapshot v1, https://goo.gl/fbAQLP

exports[`<FooterLink /> should match the snapshot 1`] = `
<StyledComponent
  forwardedClass={
    Object {
      "$$typeof": Symbol(react.forward_ref),
      "attrs": undefined,
      "componentStyle": ComponentStyle {
        "componentId": "FooterLink-sc-1gbpsk1-0",
        "isStatic": true,
        "rules": Array [
          "display:inline-flex;height:60%;align-items:center;justify-content:center;text-align:center;text-decoration:none;border-radius:0px;-webkit-font-smoothing:antialiased;-webkit-touch-callout:none;user-select:none;cursor:pointer;outline:0;font-family:'Helvetica Neue',Helvetica,Arial,sans-serif;font-weight:bold;font-size:calc(10px + 6 * ((100vw - 320px) / 680));border:none;color:#fff;width:calc(0.3 * 100vw);&:hover{background:#fff;color:#ff700b;}",
        ],
      },
      "displayName": "FooterLink",
      "render": [Function],
      "styledComponentId": "FooterLink-sc-1gbpsk1-0",
      "target": [Function],
      "warnTooManyClasses": [Function],
      "withComponent": [Function],
      Symbol(Symbol.hasInstance): [Function],
    }
  }
  forwardedRef={null}
/>
`;
