// Jest Snapshot v1, https://goo.gl/fbAQLP

exports[`getSuggestions Saga should call the apiLoadingError action if the response errors 1`] = `
Object {
  "@@redux-saga/IO": true,
  "SELECT": Object {
    "args": Array [],
    "selector": [Function],
  },
}
`;

exports[`getSuggestions Saga should call the apiLoadingError action if the response errors 2`] = `
Object {
  "@@redux-saga/IO": true,
  "CALL": Object {
    "args": Array [
      "https://cors-anywhere.herokuapp.com/https://tastedive.com/api/similar?k=322753-kidelode-CRQ0TIZQ&info=1&limit=100&q=cars",
    ],
    "context": null,
    "fn": [Function],
  },
}
`;

exports[`getSuggestions Saga should dispatch the apiLoaded action if it requests the data succesfully 1`] = `
Object {
  "@@redux-saga/IO": true,
  "SELECT": Object {
    "args": Array [],
    "selector": [Function],
  },
}
`;

exports[`getSuggestions Saga should dispatch the apiLoaded action if it requests the data succesfully 2`] = `
Object {
  "@@redux-saga/IO": true,
  "CALL": Object {
    "args": Array [
      "https://cors-anywhere.herokuapp.com/https://tastedive.com/api/similar?k=322753-kidelode-CRQ0TIZQ&info=1&limit=100&q=cars",
    ],
    "context": null,
    "fn": [Function],
  },
}
`;
